
> angular@0.0.0 start
> ng serve --host 0.0.0.0  --no-hmr --disable-host-check --port 3000

Warning: Running a server with --disable-host-check is a security risk. See https://medium.com/webpack/webpack-dev-server-middleware-security-issues-1489d950874a for more information.
The "disableHostCheck" option will not be used because it is not supported by the "@angular-devkit/build-angular:application" builder.
❯ Building...
✔ Building...
Browser bundles     
Initial chunk files  | Names            |  Raw size
polyfills.js         | polyfills        |  90.20 kB | 
main.js              | main             |  22.59 kB | 
styles.css           | styles           |  95 bytes | 

                     | Initial total    | 112.88 kB


Server bundles      
Initial chunk files  | Names            |  Raw size
polyfills.server.mjs | polyfills.server | 572.91 kB | 
chunk-6XEG6CM6.mjs   | -                |  23.02 kB | 
server.mjs           | server           |   1.39 kB | 
main.server.mjs      | main.server      | 800 bytes | 

Application bundle generation complete. [5.748 seconds]

Watch mode enabled. Watching for file changes...
NOTE: Raw file sizes do not reflect development server per-request transformations.
  ➜  Local:   http://localhost:3000/
  ➜  Network: http://172.17.0.2:3000/
❯ Changes detected. Rebuilding...
✔ Changes detected. Rebuilding...
Application bundle generation failed. [1.391 seconds]

▲ [WARNING] TS-998113: TictactoeComponent is not used within the template of AppComponent [plugin angular-compiler]

    src/app/app.component.ts:7:26:
      7 │   imports: [RouterOutlet, TictactoeComponent],
        ╵                           ~~~~~~~~~~~~~~~~~~


▲ [WARNING] NG8103: The `*ngIf` directive was used in the template, but neither the `NgIf` directive nor the `CommonModule` was imported. Use Angular's built-in control flow @if or make sure that either the `NgIf` directive or the `CommonModule` is included in the `@Component.imports` array of this component. [plugin angular-compiler]

    src/app/tictactoe.component.html:3:19:
      3 │     <ng-container *ngIf="!winner && !draw">
        ╵                    ~~~~

  Error occurs in the template of component TictactoeComponent.

    src/app/tictactoe.component.ts:6:15:
      6 │   templateUrl: './tictactoe.component.html',
        ╵                ~~~~~~~~~~~~~~~~~~~~~~~~~~~~


▲ [WARNING] NG8103: The `*ngIf` directive was used in the template, but neither the `NgIf` directive nor the `CommonModule` was imported. Use Angular's built-in control flow @if or make sure that either the `NgIf` directive or the `CommonModule` is included in the `@Component.imports` array of this component. [plugin angular-compiler]

    src/app/tictactoe.component.html:6:19:
      6 │     <ng-container *ngIf="winner">
        ╵                    ~~~~

  Error occurs in the template of component TictactoeComponent.

    src/app/tictactoe.component.ts:6:15:
      6 │   templateUrl: './tictactoe.component.html',
        ╵                ~~~~~~~~~~~~~~~~~~~~~~~~~~~~


▲ [WARNING] NG8103: The `*ngIf` directive was used in the template, but neither the `NgIf` directive nor the `CommonModule` was imported. Use Angular's built-in control flow @if or make sure that either the `NgIf` directive or the `CommonModule` is included in the `@Component.imports` array of this component. [plugin angular-compiler]

    src/app/tictactoe.component.html:9:19:
      9 │     <ng-container *ngIf="draw && !winner">
        ╵                    ~~~~

  Error occurs in the template of component TictactoeComponent.

    src/app/tictactoe.component.ts:6:15:
      6 │   templateUrl: './tictactoe.component.html',
        ╵                ~~~~~~~~~~~~~~~~~~~~~~~~~~~~


▲ [WARNING] NG8103: The `*ngFor` directive was used in the template, but neither the `NgFor` directive nor the `CommonModule` was imported. Use Angular's built-in control flow @for or make sure that either the `NgFor` directive or the `CommonModule` is included in the `@Component.imports` array of this component. [plugin angular-compiler]

    src/app/tictactoe.component.html:15:7:
      15 │       *ngFor="let square of board; index as i"
         ╵        ~~~~~

  Error occurs in the template of component TictactoeComponent.

    src/app/tictactoe.component.ts:6:15:
      6 │   templateUrl: './tictactoe.component.html',
        ╵                ~~~~~~~~~~~~~~~~~~~~~~~~~~~~


▲ [WARNING] NG8103: The `*ngIf` directive was used in the template, but neither the `NgIf` directive nor the `CommonModule` was imported. Use Angular's built-in control flow @if or make sure that either the `NgIf` directive or the `CommonModule` is included in the `@Component.imports` array of this component. [plugin angular-compiler]

    src/app/tictactoe.component.html:25:13:
      25 │       <span *ngIf="getMark(i)">{{ getMark(i) }}</span>
         ╵              ~~~~

  Error occurs in the template of component TictactoeComponent.

    src/app/tictactoe.component.ts:6:15:
      6 │   templateUrl: './tictactoe.component.html',
        ╵                ~~~~~~~~~~~~~~~~~~~~~~~~~~~~


✘ [ERROR] NG8002: Can't bind to 'ngClass' since it isn't a known property of 'button'. [plugin angular-compiler]

    src/app/tictactoe.component.html:17:6:
      17 │       [ngClass]="{
         ╵       ~~~~~~~~~~~~

  Error occurs in the template of component TictactoeComponent.

    src/app/tictactoe.component.ts:6:15:
      6 │   templateUrl: './tictactoe.component.html',
        ╵                ~~~~~~~~~~~~~~~~~~~~~~~~~~~~


✘ [ERROR] NG8002: Can't bind to 'aria-label' since it isn't a known property of 'button'. [plugin angular-compiler]

    src/app/tictactoe.component.html:23:6:
      23 │       aria-label="TicTacToe grid cell {{i + 1}}"
         ╵       ~~~~~~~~~~~~~~~~~~~~~~~~~~~~~~~~~~~~~~~~~~

  Error occurs in the template of component TictactoeComponent.

    src/app/tictactoe.component.ts:6:15:
      6 │   templateUrl: './tictactoe.component.html',
        ╵                ~~~~~~~~~~~~~~~~~~~~~~~~~~~~


❯ Changes detected. Rebuilding...
✔ Changes detected. Rebuilding...
Application bundle generation failed. [1.104 seconds]

▲ [WARNING] NG8103: The `*ngIf` directive was used in the template, but neither the `NgIf` directive nor the `CommonModule` was imported. Use Angular's built-in control flow @if or make sure that either the `NgIf` directive or the `CommonModule` is included in the `@Component.imports` array of this component. [plugin angular-compiler]

    src/app/tictactoe.component.html:3:19:
      3 │     <ng-container *ngIf="!winner && !draw">
        ╵                    ~~~~

  Error occurs in the template of component TictactoeComponent.

    src/app/tictactoe.component.ts:6:15:
      6 │   templateUrl: './tictactoe.component.html',
        ╵                ~~~~~~~~~~~~~~~~~~~~~~~~~~~~


▲ [WARNING] NG8103: The `*ngIf` directive was used in the template, but neither the `NgIf` directive nor the `CommonModule` was imported. Use Angular's built-in control flow @if or make sure that either the `NgIf` directive or the `CommonModule` is included in the `@Component.imports` array of this component. [plugin angular-compiler]

    src/app/tictactoe.component.html:6:19:
      6 │     <ng-container *ngIf="winner">
        ╵                    ~~~~

  Error occurs in the template of component TictactoeComponent.

    src/app/tictactoe.component.ts:6:15:
      6 │   templateUrl: './tictactoe.component.html',
        ╵                ~~~~~~~~~~~~~~~~~~~~~~~~~~~~


▲ [WARNING] NG8103: The `*ngIf` directive was used in the template, but neither the `NgIf` directive nor the `CommonModule` was imported. Use Angular's built-in control flow @if or make sure that either the `NgIf` directive or the `CommonModule` is included in the `@Component.imports` array of this component. [plugin angular-compiler]

    src/app/tictactoe.component.html:9:19:
      9 │     <ng-container *ngIf="draw && !winner">
        ╵                    ~~~~

  Error occurs in the template of component TictactoeComponent.

    src/app/tictactoe.component.ts:6:15:
      6 │   templateUrl: './tictactoe.component.html',
        ╵                ~~~~~~~~~~~~~~~~~~~~~~~~~~~~


▲ [WARNING] NG8103: The `*ngFor` directive was used in the template, but neither the `NgFor` directive nor the `CommonModule` was imported. Use Angular's built-in control flow @for or make sure that either the `NgFor` directive or the `CommonModule` is included in the `@Component.imports` array of this component. [plugin angular-compiler]

    src/app/tictactoe.component.html:15:7:
      15 │       *ngFor="let square of board; index as i"
         ╵        ~~~~~

  Error occurs in the template of component TictactoeComponent.

    src/app/tictactoe.component.ts:6:15:
      6 │   templateUrl: './tictactoe.component.html',
        ╵                ~~~~~~~~~~~~~~~~~~~~~~~~~~~~


▲ [WARNING] NG8103: The `*ngIf` directive was used in the template, but neither the `NgIf` directive nor the `CommonModule` was imported. Use Angular's built-in control flow @if or make sure that either the `NgIf` directive or the `CommonModule` is included in the `@Component.imports` array of this component. [plugin angular-compiler]

    src/app/tictactoe.component.html:25:13:
      25 │       <span *ngIf="getMark(i)">{{ getMark(i) }}</span>
         ╵              ~~~~

  Error occurs in the template of component TictactoeComponent.

    src/app/tictactoe.component.ts:6:15:
      6 │   templateUrl: './tictactoe.component.html',
        ╵                ~~~~~~~~~~~~~~~~~~~~~~~~~~~~


✘ [ERROR] NG8002: Can't bind to 'ngClass' since it isn't a known property of 'button'. [plugin angular-compiler]

    src/app/tictactoe.component.html:17:6:
      17 │       [ngClass]="{
         ╵       ~~~~~~~~~~~~

  Error occurs in the template of component TictactoeComponent.

    src/app/tictactoe.component.ts:6:15:
      6 │   templateUrl: './tictactoe.component.html',
        ╵                ~~~~~~~~~~~~~~~~~~~~~~~~~~~~


✘ [ERROR] NG8002: Can't bind to 'aria-label' since it isn't a known property of 'button'. [plugin angular-compiler]

    src/app/tictactoe.component.html:23:6:
      23 │       aria-label="TicTacToe grid cell {{i + 1}}"
         ╵       ~~~~~~~~~~~~~~~~~~~~~~~~~~~~~~~~~~~~~~~~~~

  Error occurs in the template of component TictactoeComponent.

    src/app/tictactoe.component.ts:6:15:
      6 │   templateUrl: './tictactoe.component.html',
        ╵                ~~~~~~~~~~~~~~~~~~~~~~~~~~~~


❯ Changes detected. Rebuilding...
✔ Changes detected. Rebuilding...
Application bundle generation failed. [1.667 seconds]

✘ [ERROR] NG8002: Can't bind to 'aria-label' since it isn't a known property of 'button'. [plugin angular-compiler]

    src/app/tictactoe.component.html:23:6:
      23 │       aria-label="TicTacToe grid cell {{i + 1}}"
         ╵       ~~~~~~~~~~~~~~~~~~~~~~~~~~~~~~~~~~~~~~~~~~

  Error occurs in the template of component TictactoeComponent.

    src/app/tictactoe.component.ts:7:15:
      7 │   templateUrl: './tictactoe.component.html',
        ╵                ~~~~~~~~~~~~~~~~~~~~~~~~~~~~


❯ Changes detected. Rebuilding...
✔ Changes detected. Rebuilding...
Browser bundles     
Initial chunk files  | Names            |  Raw size
polyfills.js         | polyfills        |  90.20 kB | 
main.js              | main             |  11.29 kB | 
styles.css           | styles           |  95 bytes | 

                     | Initial total    | 101.58 kB


Server bundles      
Initial chunk files  | Names            |  Raw size
polyfills.server.mjs | polyfills.server | 572.91 kB | 
chunk-TUMWJRGQ.mjs   | -                |  11.72 kB | 
server.mjs           | server           |   1.39 kB | 
main.server.mjs      | main.server      | 800 bytes | 

Application bundle generation complete. [1.538 seconds]

